components/ui/switch.tsx(3,35): error TS2307: Cannot find module '@radix-ui/react-switch' or its corresponding type declarations.
services/linkedinService.ts(51,22): error TS2532: Object is possibly 'undefined'.
services/linkedinService.ts(60,12): error TS2532: Object is possibly 'undefined'.
services/linkedinService.ts(116,12): error TS2532: Object is possibly 'undefined'.
services/linkedinService.ts(121,29): error TS2532: Object is possibly 'undefined'.
services/linkedinService.ts(124,28): error TS2532: Object is possibly 'undefined'.
services/linkedinService.ts(127,15): error TS2339: Property 'generatePortfolio' does not exist on type 'typeof import("C:/Users/user/Downloads/seeqmeai2/seeqme/services/apiService")'.
